// Jest Snapshot v1, https://goo.gl/fbAQLP

exports[`renders homepage unchanged 1`] = `
<div>
  <div
    class="container"
  >
    <main
      class="w-full bg-slate-100"
    >
      <h1
        class="title"
      >
        Welcome to 
        <a
          href="https://nextjs.org"
        >
          Next.js!
        </a>
      </h1>
      <div
        class="vh-100 d-flex justify-content-center align-items-center"
      >
        <div
          class="relative flex flex-col items-center justify-center min-h-screen overflow-hidden"
        >
          <div
            class="w-full p-6 bg-white rounded-md shadow-md lg:max-w-xl"
          >
            <h1
              class="text-3xl font-bold text-center text-gray-700"
            >
              Logo
            </h1>
            <form
              class="mt-6"
            >
              <div
                class="mb-4"
              >
                <label
                  class="block text-sm font-semibold text-gray-800"
                  for="email"
                >
                  Email
                </label>
                <input
                  class="block w-full px-4 py-2 mt-2 text-gray-700 bg-white border rounded-md focus:border-gray-400 focus:ring-gray-300 focus:outline-none focus:ring focus:ring-opacity-40"
                  type="email"
                />
              </div>
              <div
                class="mb-2"
              >
                <label
                  class="block text-sm font-semibold text-gray-800"
                  for="password"
                >
                  Password
                </label>
                <input
                  class="block w-full px-4 py-2 mt-2 text-gray-700 bg-white border rounded-md focus:border-gray-400 focus:ring-gray-300 focus:outline-none focus:ring focus:ring-opacity-40"
                  type="password"
                />
              </div>
              <a
                class="text-xs text-blue-600 hover:underline"
                href="/forget"
              >
                Forget Password
              </a>
              <div
                class="mt-2"
              >
                <button
                  class="w-full px-4 py-2 tracking-wide text-white transition-colors duration-200 transform bg-gray-700 rounded-md hover:bg-gray-600 focus:outline-none focus:bg-gray-600"
                >
                  Login
                </button>
              </div>
            </form>
            <p
              class="mt-4 text-sm text-center text-gray-700"
            >
              Don't have an account?
               
              <a
                class="font-medium text-blue-600 hover:underline"
                href="/signup"
              >
                Sign up
              </a>
            </p>
          </div>
        </div>
      </div>
    </main>
    <footer
      class="footer"
    >
      <a
        href="https://vercel.com?utm_source=create-next-app&utm_medium=default-template&utm_campaign=create-next-app"
        rel="noopener noreferrer"
        target="_blank"
      >
        Powered by
         
        <span
          class="logo"
        >
          <img
            alt="Vercel Logo"
            data-nimg="1"
            decoding="async"
            height="16"
            loading="lazy"
            src="/vercel.svg"
            style="color: transparent;"
            width="72"
          />
        </span>
      </a>
    </footer>
  </div>
</div>
`;
